// Jest Snapshot v1, https://goo.gl/fbAQLP

exports[`Pruebas en <GifItem /> debe hacer match con el snapshot 1`] = `
<div>
  <div
    class="card"
  >
    <img
      alt="Sailor Moon"
      src="https://sailor-moon.com/nose.jpg"
    />
    <p>
      Sailor Moon
    </p>
  </div>
</div>
`;
